# CVS $Revision: $ $Author: $ -- Fri Jun 17 21:51:56 2016 -- reformated by PCGen PrettyLST v6.06.00
SOURCELONG:Distant Realms	SOURCESHORT:DR	SOURCEWEB:http://paizo.com/products/btpy8mfs?Pathfinder-Campaign-Setting-Distant-Realms	SOURCEDATE:2018-06

###Block: Feats
# Feat Name					Category		Type				Prereqs																		Description																		Sourcepage		Benefit
# Ability Name		Category of Ability	Type				Required Ability								Multiple Requirements																Description																		Source Page		Benefits
Magic Trick			CATEGORY:FEAT			TYPE:General			PRETEXT:Ability to cast the chosen spell or spell-like ability.			DESC:You understand how to manipulate a spell or ability beyond its typical uses.			STACK:NO	MULT:YES	CHOOSE:ABILITYSELECTION|Special Ability|QUALIFIED[TYPE=MagicTrick]	ABILITY:Special Ability|AUTOMATIC|%LIST		SOURCEPAGE:p.61		BENEFIT:You can use any magic tricks relating to the chosen spell so long as you meet the appropriate magic trick requirements.

###Block: Feat MODs
# Feat Name					Bonus Ability Pool
# Ability Name						Type

#
# End
#
